// Jest Snapshot v1, https://goo.gl/fbAQLP

exports[`App renders 1`] = `
<div
  className="makeStyles-root-1"
>
  <header
    className="MuiPaper-root MuiAppBar-root MuiAppBar-positionFixed MuiAppBar-colorPrimary makeStyles-appBar-2 mui-fixed MuiPaper-elevation4"
  >
    <div
      className="MuiToolbar-root MuiToolbar-regular MuiToolbar-gutters"
    >
      <h6
        className="MuiTypography-root MuiTypography-h6 MuiTypography-noWrap"
      >
        Similarity Search Prototype
      </h6>
    </div>
  </header>
  <div
    className="MuiDrawer-root MuiDrawer-docked makeStyles-drawer-3"
  >
    <div
      className="MuiPaper-root MuiDrawer-paper makeStyles-drawerPaper-4 MuiDrawer-paperAnchorLeft MuiDrawer-paperAnchorDockedLeft MuiPaper-elevation0"
    >
      <div
        className="MuiToolbar-root MuiToolbar-regular MuiToolbar-gutters"
      />
      <div
        className="makeStyles-drawerContainer-5"
      >
        <ul
          className="MuiList-root MuiList-padding"
        >
          <li
            className="MuiListItem-root MuiListItem-gutters"
            disabled={false}
          >
            <h6
              className="MuiTypography-root MuiTypography-h6 MuiTypography-noWrap"
            >
              Filters
            </h6>
          </li>
          <div>
            <div
              aria-disabled={false}
              className="MuiButtonBase-root MuiListItem-root MuiListItem-gutters MuiListItem-button"
              onBlur={[Function]}
              onClick={[Function]}
              onDragLeave={[Function]}
              onFocus={[Function]}
              onKeyDown={[Function]}
              onKeyUp={[Function]}
              onMouseDown={[Function]}
              onMouseLeave={[Function]}
              onMouseUp={[Function]}
              onTouchEnd={[Function]}
              onTouchMove={[Function]}
              onTouchStart={[Function]}
              role="button"
              tabIndex={0}
            >
              <div
                className="MuiListItemText-root"
              >
                <span
                  className="MuiTypography-root MuiListItemText-primary MuiTypography-body1 MuiTypography-displayBlock"
                >
                  Content Type
                </span>
              </div>
              <svg
                aria-hidden={true}
                className="MuiSvgIcon-root"
                focusable="false"
                viewBox="0 0 24 24"
              >
                <path
                  d="M12 8l-6 6 1.41 1.41L12 10.83l4.59 4.58L18 14z"
                />
              </svg>
            </div>
            <div
              className="MuiCollapse-container MuiCollapse-entered"
              style={
                Object {
                  "minHeight": "0px",
                }
              }
            >
              <div
                className="MuiCollapse-wrapper"
              >
                <div
                  className="MuiCollapse-wrapperInner"
                >
                  <div
                    className="MuiList-root"
                  >
                    <div
                      aria-disabled={false}
                      className="MuiButtonBase-root MuiListItem-root MuiListItem-gutters MuiListItem-button"
                      onBlur={[Function]}
                      onDragLeave={[Function]}
                      onFocus={[Function]}
                      onKeyDown={[Function]}
                      onKeyUp={[Function]}
                      onMouseDown={[Function]}
                      onMouseLeave={[Function]}
                      onMouseUp={[Function]}
                      onTouchEnd={[Function]}
                      onTouchMove={[Function]}
                      onTouchStart={[Function]}
                      role="button"
                      tabIndex={0}
                    >
                      <div
                        className="MuiListItemIcon-root"
                      >
                        <span
                          aria-disabled={false}
                          className="MuiButtonBase-root MuiIconButton-root PrivateSwitchBase-root-13 MuiCheckbox-root MuiCheckbox-colorSecondary MuiIconButton-colorSecondary MuiIconButton-edgeStart"
                          onBlur={[Function]}
                          onDragLeave={[Function]}
                          onFocus={[Function]}
                          onKeyDown={[Function]}
                          onKeyUp={[Function]}
                          onMouseDown={[Function]}
                          onMouseLeave={[Function]}
                          onMouseUp={[Function]}
                          onTouchEnd={[Function]}
                          onTouchMove={[Function]}
                          onTouchStart={[Function]}
                          tabIndex={null}
                        >
                          <span
                            className="MuiIconButton-label"
                          >
                            <input
                              checked={false}
                              className="PrivateSwitchBase-input-16"
                              data-indeterminate={false}
                              onChange={[Function]}
                              tabIndex={-1}
                              type="checkbox"
                            />
                            <svg
                              aria-hidden={true}
                              className="MuiSvgIcon-root"
                              focusable="false"
                              viewBox="0 0 24 24"
                            >
                              <path
                                d="M19 5v14H5V5h14m0-2H5c-1.1 0-2 .9-2 2v14c0 1.1.9 2 2 2h14c1.1 0 2-.9 2-2V5c0-1.1-.9-2-2-2z"
                              />
                            </svg>
                          </span>
                        </span>
                      </div>
                      <div
                        className="MuiListItemText-root"
                        id={1}
                      >
                        <span
                          className="MuiTypography-root MuiListItemText-primary MuiTypography-body1 MuiTypography-displayBlock"
                        >
                          All
                        </span>
                      </div>
                    </div>
                    <hr
                      className="MuiDivider-root"
                    />
                    <div
                      aria-disabled={false}
                      className="MuiButtonBase-root MuiListItem-root MuiListItem-gutters MuiListItem-button"
                      onBlur={[Function]}
                      onDragLeave={[Function]}
                      onFocus={[Function]}
                      onKeyDown={[Function]}
                      onKeyUp={[Function]}
                      onMouseDown={[Function]}
                      onMouseLeave={[Function]}
                      onMouseUp={[Function]}
                      onTouchEnd={[Function]}
                      onTouchMove={[Function]}
                      onTouchStart={[Function]}
                      role="button"
                      tabIndex={0}
                    >
                      <div
                        className="MuiListItemIcon-root"
                      >
                        <span
                          aria-disabled={false}
                          className="MuiButtonBase-root MuiIconButton-root PrivateSwitchBase-root-13 MuiCheckbox-root MuiCheckbox-colorSecondary MuiIconButton-colorSecondary MuiIconButton-edgeStart"
                          onBlur={[Function]}
                          onDragLeave={[Function]}
                          onFocus={[Function]}
                          onKeyDown={[Function]}
                          onKeyUp={[Function]}
                          onMouseDown={[Function]}
                          onMouseLeave={[Function]}
                          onMouseUp={[Function]}
                          onTouchEnd={[Function]}
                          onTouchMove={[Function]}
                          onTouchStart={[Function]}
                          tabIndex={null}
                        >
                          <span
                            className="MuiIconButton-label"
                          >
                            <input
                              checked={false}
                              className="PrivateSwitchBase-input-16"
                              data-indeterminate={false}
                              onChange={[Function]}
                              tabIndex={-1}
                              type="checkbox"
                            />
                            <svg
                              aria-hidden={true}
                              className="MuiSvgIcon-root"
                              focusable="false"
                              viewBox="0 0 24 24"
                            >
                              <path
                                d="M19 5v14H5V5h14m0-2H5c-1.1 0-2 .9-2 2v14c0 1.1.9 2 2 2h14c1.1 0 2-.9 2-2V5c0-1.1-.9-2-2-2z"
                              />
                            </svg>
                          </span>
                        </span>
                      </div>
                      <div
                        className="MuiListItemText-root"
                        id={2}
                      >
                        <span
                          className="MuiTypography-root MuiListItemText-primary MuiTypography-body1 MuiTypography-displayBlock"
                        >
                          Report published
                        </span>
                      </div>
                    </div>
                    <div
                      aria-disabled={false}
                      className="MuiButtonBase-root MuiListItem-root MuiListItem-gutters MuiListItem-button"
                      onBlur={[Function]}
                      onDragLeave={[Function]}
                      onFocus={[Function]}
                      onKeyDown={[Function]}
                      onKeyUp={[Function]}
                      onMouseDown={[Function]}
                      onMouseLeave={[Function]}
                      onMouseUp={[Function]}
                      onTouchEnd={[Function]}
                      onTouchMove={[Function]}
                      onTouchStart={[Function]}
                      role="button"
                      tabIndex={0}
                    >
                      <div
                        className="MuiListItemIcon-root"
                      >
                        <span
                          aria-disabled={false}
                          className="MuiButtonBase-root MuiIconButton-root PrivateSwitchBase-root-13 MuiCheckbox-root MuiCheckbox-colorSecondary MuiIconButton-colorSecondary MuiIconButton-edgeStart"
                          onBlur={[Function]}
                          onDragLeave={[Function]}
                          onFocus={[Function]}
                          onKeyDown={[Function]}
                          onKeyUp={[Function]}
                          onMouseDown={[Function]}
                          onMouseLeave={[Function]}
                          onMouseUp={[Function]}
                          onTouchEnd={[Function]}
                          onTouchMove={[Function]}
                          onTouchStart={[Function]}
                          tabIndex={null}
                        >
                          <span
                            className="MuiIconButton-label"
                          >
                            <input
                              checked={false}
                              className="PrivateSwitchBase-input-16"
                              data-indeterminate={false}
                              onChange={[Function]}
                              tabIndex={-1}
                              type="checkbox"
                            />
                            <svg
                              aria-hidden={true}
                              className="MuiSvgIcon-root"
                              focusable="false"
                              viewBox="0 0 24 24"
                            >
                              <path
                                d="M19 5v14H5V5h14m0-2H5c-1.1 0-2 .9-2 2v14c0 1.1.9 2 2 2h14c1.1 0 2-.9 2-2V5c0-1.1-.9-2-2-2z"
                              />
                            </svg>
                          </span>
                        </span>
                      </div>
                      <div
                        className="MuiListItemText-root"
                        id={3}
                      >
                        <span
                          className="MuiTypography-root MuiListItemText-primary MuiTypography-body1 MuiTypography-displayBlock"
                        >
                          Query submissions
                        </span>
                      </div>
                    </div>
                  </div>
                </div>
              </div>
            </div>
          </div>
          <div>
            <div
              aria-disabled={false}
              className="MuiButtonBase-root MuiListItem-root MuiListItem-gutters MuiListItem-button"
              onBlur={[Function]}
              onClick={[Function]}
              onDragLeave={[Function]}
              onFocus={[Function]}
              onKeyDown={[Function]}
              onKeyUp={[Function]}
              onMouseDown={[Function]}
              onMouseLeave={[Function]}
              onMouseUp={[Function]}
              onTouchEnd={[Function]}
              onTouchMove={[Function]}
              onTouchStart={[Function]}
              role="button"
              tabIndex={0}
            >
              <div
                className="MuiListItemText-root"
              >
                <span
                  className="MuiTypography-root MuiListItemText-primary MuiTypography-body1 MuiTypography-displayBlock"
                >
                  Organizatons
                </span>
              </div>
              <svg
                aria-hidden={true}
                className="MuiSvgIcon-root"
                focusable="false"
                viewBox="0 0 24 24"
              >
                <path
                  d="M12 8l-6 6 1.41 1.41L12 10.83l4.59 4.58L18 14z"
                />
              </svg>
            </div>
            <div
              className="MuiCollapse-container MuiCollapse-entered"
              style={
                Object {
                  "minHeight": "0px",
                }
              }
            >
              <div
                className="MuiCollapse-wrapper"
              >
                <div
                  className="MuiCollapse-wrapperInner"
                >
                  <div
                    className="MuiList-root"
                  >
                    <div
                      aria-disabled={false}
                      className="MuiButtonBase-root MuiListItem-root MuiListItem-gutters MuiListItem-button"
                      onBlur={[Function]}
                      onDragLeave={[Function]}
                      onFocus={[Function]}
                      onKeyDown={[Function]}
                      onKeyUp={[Function]}
                      onMouseDown={[Function]}
                      onMouseLeave={[Function]}
                      onMouseUp={[Function]}
                      onTouchEnd={[Function]}
                      onTouchMove={[Function]}
                      onTouchStart={[Function]}
                      role="button"
                      tabIndex={0}
                    >
                      <div
                        className="MuiListItemIcon-root"
                      >
                        <span
                          aria-disabled={false}
                          className="MuiButtonBase-root MuiIconButton-root PrivateSwitchBase-root-13 MuiCheckbox-root MuiCheckbox-colorSecondary MuiIconButton-colorSecondary MuiIconButton-edgeStart"
                          onBlur={[Function]}
                          onDragLeave={[Function]}
                          onFocus={[Function]}
                          onKeyDown={[Function]}
                          onKeyUp={[Function]}
                          onMouseDown={[Function]}
                          onMouseLeave={[Function]}
                          onMouseUp={[Function]}
                          onTouchEnd={[Function]}
                          onTouchMove={[Function]}
                          onTouchStart={[Function]}
                          tabIndex={null}
                        >
                          <span
                            className="MuiIconButton-label"
                          >
                            <input
                              checked={false}
                              className="PrivateSwitchBase-input-16"
                              data-indeterminate={false}
                              onChange={[Function]}
                              tabIndex={-1}
                              type="checkbox"
                            />
                            <svg
                              aria-hidden={true}
                              className="MuiSvgIcon-root"
                              focusable="false"
                              viewBox="0 0 24 24"
                            >
                              <path
                                d="M19 5v14H5V5h14m0-2H5c-1.1 0-2 .9-2 2v14c0 1.1.9 2 2 2h14c1.1 0 2-.9 2-2V5c0-1.1-.9-2-2-2z"
                              />
                            </svg>
                          </span>
                        </span>
                      </div>
                      <div
                        className="MuiListItemText-root"
                        id={1}
                      >
                        <span
                          className="MuiTypography-root MuiListItemText-primary MuiTypography-body1 MuiTypography-displayBlock"
                        >
                          All
                        </span>
                      </div>
                    </div>
                    <hr
                      className="MuiDivider-root"
                    />
                    <div
                      aria-disabled={false}
                      className="MuiButtonBase-root MuiListItem-root MuiListItem-gutters MuiListItem-button"
                      onBlur={[Function]}
                      onDragLeave={[Function]}
                      onFocus={[Function]}
                      onKeyDown={[Function]}
                      onKeyUp={[Function]}
                      onMouseDown={[Function]}
                      onMouseLeave={[Function]}
                      onMouseUp={[Function]}
                      onTouchEnd={[Function]}
                      onTouchMove={[Function]}
                      onTouchStart={[Function]}
                      role="button"
                      tabIndex={0}
                    >
                      <div
                        className="MuiListItemIcon-root"
                      >
                        <span
                          aria-disabled={false}
                          className="MuiButtonBase-root MuiIconButton-root PrivateSwitchBase-root-13 MuiCheckbox-root MuiCheckbox-colorSecondary MuiIconButton-colorSecondary MuiIconButton-edgeStart"
                          onBlur={[Function]}
                          onDragLeave={[Function]}
                          onFocus={[Function]}
                          onKeyDown={[Function]}
                          onKeyUp={[Function]}
                          onMouseDown={[Function]}
                          onMouseLeave={[Function]}
                          onMouseUp={[Function]}
                          onTouchEnd={[Function]}
                          onTouchMove={[Function]}
                          onTouchStart={[Function]}
                          tabIndex={null}
                        >
                          <span
                            className="MuiIconButton-label"
                          >
                            <input
                              checked={false}
                              className="PrivateSwitchBase-input-16"
                              data-indeterminate={false}
                              onChange={[Function]}
                              tabIndex={-1}
                              type="checkbox"
                            />
                            <svg
                              aria-hidden={true}
                              className="MuiSvgIcon-root"
                              focusable="false"
                              viewBox="0 0 24 24"
                            >
                              <path
                                d="M19 5v14H5V5h14m0-2H5c-1.1 0-2 .9-2 2v14c0 1.1.9 2 2 2h14c1.1 0 2-.9 2-2V5c0-1.1-.9-2-2-2z"
                              />
                            </svg>
                          </span>
                        </span>
                      </div>
                      <div
                        className="MuiListItemText-root"
                        id={2}
                      >
                        <span
                          className="MuiTypography-root MuiListItemText-primary MuiTypography-body1 MuiTypography-displayBlock"
                        >
                          Meedan users
                        </span>
                      </div>
                    </div>
                    <div
                      aria-disabled={false}
                      className="MuiButtonBase-root MuiListItem-root MuiListItem-gutters MuiListItem-button"
                      onBlur={[Function]}
                      onDragLeave={[Function]}
                      onFocus={[Function]}
                      onKeyDown={[Function]}
                      onKeyUp={[Function]}
                      onMouseDown={[Function]}
                      onMouseLeave={[Function]}
                      onMouseUp={[Function]}
                      onTouchEnd={[Function]}
                      onTouchMove={[Function]}
                      onTouchStart={[Function]}
                      role="button"
                      tabIndex={0}
                    >
                      <div
                        className="MuiListItemIcon-root"
                      >
                        <span
                          aria-disabled={false}
                          className="MuiButtonBase-root MuiIconButton-root PrivateSwitchBase-root-13 MuiCheckbox-root MuiCheckbox-colorSecondary MuiIconButton-colorSecondary MuiIconButton-edgeStart"
                          onBlur={[Function]}
                          onDragLeave={[Function]}
                          onFocus={[Function]}
                          onKeyDown={[Function]}
                          onKeyUp={[Function]}
                          onMouseDown={[Function]}
                          onMouseLeave={[Function]}
                          onMouseUp={[Function]}
                          onTouchEnd={[Function]}
                          onTouchMove={[Function]}
                          onTouchStart={[Function]}
                          tabIndex={null}
                        >
                          <span
                            className="MuiIconButton-label"
                          >
                            <input
                              checked={false}
                              className="PrivateSwitchBase-input-16"
                              data-indeterminate={false}
                              onChange={[Function]}
                              tabIndex={-1}
                              type="checkbox"
                            />
                            <svg
                              aria-hidden={true}
                              className="MuiSvgIcon-root"
                              focusable="false"
                              viewBox="0 0 24 24"
                            >
                              <path
                                d="M19 5v14H5V5h14m0-2H5c-1.1 0-2 .9-2 2v14c0 1.1.9 2 2 2h14c1.1 0 2-.9 2-2V5c0-1.1-.9-2-2-2z"
                              />
                            </svg>
                          </span>
                        </span>
                      </div>
                      <div
                        className="MuiListItemText-root"
                        id={3}
                      >
                        <span
                          className="MuiTypography-root MuiListItemText-primary MuiTypography-body1 MuiTypography-displayBlock"
                        >
                          Non-Meedan users
                        </span>
                      </div>
                    </div>
                    <hr
                      className="MuiDivider-root"
                    />
                    <div
                      aria-disabled={false}
                      className="MuiButtonBase-root MuiListItem-root MuiListItem-gutters MuiListItem-button"
                      onBlur={[Function]}
                      onDragLeave={[Function]}
                      onFocus={[Function]}
                      onKeyDown={[Function]}
                      onKeyUp={[Function]}
                      onMouseDown={[Function]}
                      onMouseLeave={[Function]}
                      onMouseUp={[Function]}
                      onTouchEnd={[Function]}
                      onTouchMove={[Function]}
                      onTouchStart={[Function]}
                      role="button"
                      tabIndex={0}
                    >
                      <div
                        className="MuiListItemIcon-root"
                      >
                        <span
                          aria-disabled={false}
                          className="MuiButtonBase-root MuiIconButton-root PrivateSwitchBase-root-13 MuiCheckbox-root MuiCheckbox-colorSecondary MuiIconButton-colorSecondary MuiIconButton-edgeStart"
                          onBlur={[Function]}
                          onDragLeave={[Function]}
                          onFocus={[Function]}
                          onKeyDown={[Function]}
                          onKeyUp={[Function]}
                          onMouseDown={[Function]}
                          onMouseLeave={[Function]}
                          onMouseUp={[Function]}
                          onTouchEnd={[Function]}
                          onTouchMove={[Function]}
                          onTouchStart={[Function]}
                          tabIndex={null}
                        >
                          <span
                            className="MuiIconButton-label"
                          >
                            <input
                              checked={false}
                              className="PrivateSwitchBase-input-16"
                              data-indeterminate={false}
                              onChange={[Function]}
                              tabIndex={-1}
                              type="checkbox"
                            />
                            <svg
                              aria-hidden={true}
                              className="MuiSvgIcon-root"
                              focusable="false"
                              viewBox="0 0 24 24"
                            >
                              <path
                                d="M19 5v14H5V5h14m0-2H5c-1.1 0-2 .9-2 2v14c0 1.1.9 2 2 2h14c1.1 0 2-.9 2-2V5c0-1.1-.9-2-2-2z"
                              />
                            </svg>
                          </span>
                        </span>
                      </div>
                      <div
                        className="MuiListItemText-root"
                        id={4}
                      >
                        <span
                          className="MuiTypography-root MuiListItemText-primary MuiTypography-body1 MuiTypography-displayBlock"
                        >
                          India Today
                        </span>
                      </div>
                    </div>
                    <div
                      aria-disabled={false}
                      className="MuiButtonBase-root MuiListItem-root MuiListItem-gutters MuiListItem-button"
                      onBlur={[Function]}
                      onDragLeave={[Function]}
                      onFocus={[Function]}
                      onKeyDown={[Function]}
                      onKeyUp={[Function]}
                      onMouseDown={[Function]}
                      onMouseLeave={[Function]}
                      onMouseUp={[Function]}
                      onTouchEnd={[Function]}
                      onTouchMove={[Function]}
                      onTouchStart={[Function]}
                      role="button"
                      tabIndex={0}
                    >
                      <div
                        className="MuiListItemIcon-root"
                      >
                        <span
                          aria-disabled={false}
                          className="MuiButtonBase-root MuiIconButton-root PrivateSwitchBase-root-13 MuiCheckbox-root MuiCheckbox-colorSecondary MuiIconButton-colorSecondary MuiIconButton-edgeStart"
                          onBlur={[Function]}
                          onDragLeave={[Function]}
                          onFocus={[Function]}
                          onKeyDown={[Function]}
                          onKeyUp={[Function]}
                          onMouseDown={[Function]}
                          onMouseLeave={[Function]}
                          onMouseUp={[Function]}
                          onTouchEnd={[Function]}
                          onTouchMove={[Function]}
                          onTouchStart={[Function]}
                          tabIndex={null}
                        >
                          <span
                            className="MuiIconButton-label"
                          >
                            <input
                              checked={false}
                              className="PrivateSwitchBase-input-16"
                              data-indeterminate={false}
                              onChange={[Function]}
                              tabIndex={-1}
                              type="checkbox"
                            />
                            <svg
                              aria-hidden={true}
                              className="MuiSvgIcon-root"
                              focusable="false"
                              viewBox="0 0 24 24"
                            >
                              <path
                                d="M19 5v14H5V5h14m0-2H5c-1.1 0-2 .9-2 2v14c0 1.1.9 2 2 2h14c1.1 0 2-.9 2-2V5c0-1.1-.9-2-2-2z"
                              />
                            </svg>
                          </span>
                        </span>
                      </div>
                      <div
                        className="MuiListItemText-root"
                        id={5}
                      >
                        <span
                          className="MuiTypography-root MuiListItemText-primary MuiTypography-body1 MuiTypography-displayBlock"
                        >
                          Globo
                        </span>
                      </div>
                    </div>
                    <div
                      aria-disabled={false}
                      className="MuiButtonBase-root MuiListItem-root MuiListItem-gutters MuiListItem-button"
                      onBlur={[Function]}
                      onDragLeave={[Function]}
                      onFocus={[Function]}
                      onKeyDown={[Function]}
                      onKeyUp={[Function]}
                      onMouseDown={[Function]}
                      onMouseLeave={[Function]}
                      onMouseUp={[Function]}
                      onTouchEnd={[Function]}
                      onTouchMove={[Function]}
                      onTouchStart={[Function]}
                      role="button"
                      tabIndex={0}
                    >
                      <div
                        className="MuiListItemIcon-root"
                      >
                        <span
                          aria-disabled={false}
                          className="MuiButtonBase-root MuiIconButton-root PrivateSwitchBase-root-13 MuiCheckbox-root MuiCheckbox-colorSecondary MuiIconButton-colorSecondary MuiIconButton-edgeStart"
                          onBlur={[Function]}
                          onDragLeave={[Function]}
                          onFocus={[Function]}
                          onKeyDown={[Function]}
                          onKeyUp={[Function]}
                          onMouseDown={[Function]}
                          onMouseLeave={[Function]}
                          onMouseUp={[Function]}
                          onTouchEnd={[Function]}
                          onTouchMove={[Function]}
                          onTouchStart={[Function]}
                          tabIndex={null}
                        >
                          <span
                            className="MuiIconButton-label"
                          >
                            <input
                              checked={false}
                              className="PrivateSwitchBase-input-16"
                              data-indeterminate={false}
                              onChange={[Function]}
                              tabIndex={-1}
                              type="checkbox"
                            />
                            <svg
                              aria-hidden={true}
                              className="MuiSvgIcon-root"
                              focusable="false"
                              viewBox="0 0 24 24"
                            >
                              <path
                                d="M19 5v14H5V5h14m0-2H5c-1.1 0-2 .9-2 2v14c0 1.1.9 2 2 2h14c1.1 0 2-.9 2-2V5c0-1.1-.9-2-2-2z"
                              />
                            </svg>
                          </span>
                        </span>
                      </div>
                      <div
                        className="MuiListItemText-root"
                        id={6}
                      >
                        <span
                          className="MuiTypography-root MuiListItemText-primary MuiTypography-body1 MuiTypography-displayBlock"
                        >
                          Factly
                        </span>
                      </div>
                    </div>
                  </div>
                </div>
              </div>
            </div>
          </div>
        </ul>
      </div>
    </div>
  </div>
  <main
    className="makeStyles-content-6"
  >
    <div
      className="MuiToolbar-root MuiToolbar-regular MuiToolbar-gutters"
    />
    <div
      align="center"
      className="MuiGrid-root MuiGrid-container MuiGrid-spacing-xs-2 MuiGrid-align-items-xs-center MuiGrid-justify-xs-center"
    >
      <div
        className="MuiGrid-root MuiGrid-item MuiGrid-grid-xs-12"
      >
        <h6
          className="MuiTypography-root MuiTypography-h6"
        >
          Report Database
        </h6>
      </div>
      <div
        className="MuiGrid-root MuiGrid-item MuiGrid-grid-xs-8"
      >
        <div
          className="MuiFormControl-root MuiTextField-root"
        >
          <label
            className="MuiFormLabel-root MuiInputLabel-root MuiInputLabel-formControl MuiInputLabel-animated MuiInputLabel-outlined"
            data-shrink={false}
            htmlFor="search"
            id="search-label"
          >
            Search
          </label>
          <div
            className="MuiInputBase-root MuiOutlinedInput-root MuiInputBase-formControl"
            onClick={[Function]}
          >
            <input
              aria-invalid={false}
              autoFocus={false}
              className="MuiInputBase-input MuiOutlinedInput-input MuiInputBase-inputTypeSearch"
              disabled={false}
              id="search"
              onAnimationStart={[Function]}
              onBlur={[Function]}
              onChange={[Function]}
              onFocus={[Function]}
              required={false}
              type="search"
            />
            <fieldset
              aria-hidden={true}
              className="PrivateNotchedOutline-root-17 MuiOutlinedInput-notchedOutline"
            >
              <legend
                className="PrivateNotchedOutline-legendLabelled-19"
              >
                <span>
                  Search
                </span>
              </legend>
            </fieldset>
          </div>
        </div>
        <button
          align="left"
          className="MuiButtonBase-root MuiButton-root MuiButton-contained MuiButton-containedPrimary"
          disabled={false}
          onBlur={[Function]}
          onDragLeave={[Function]}
          onFocus={[Function]}
          onKeyDown={[Function]}
          onKeyUp={[Function]}
          onMouseDown={[Function]}
          onMouseLeave={[Function]}
          onMouseUp={[Function]}
          onTouchEnd={[Function]}
          onTouchMove={[Function]}
          onTouchStart={[Function]}
          tabIndex={0}
          type="button"
        >
          <span
            className="MuiButton-label"
          >
            Search
          </span>
        </button>
      </div>
    </div>
  </main>
</div>
`;
